Test print_sorted
=================

import
======

	>>> MyList = __import__('1-my_list').MyList

tests
=====

>>> my_list = MyList([3, 1, 2])
>>> my_list.print_sorted()
[1, 2, 3]

>>> my_list = MyList([5, 4, 6])
>>> my_list.print_sorted()
[4, 5, 6]

>>> my_list = MyList([1, 1, 1])
>>> my_list.print_sorted()
[1, 1, 1]

>>> my_list = MyList([3, 2, 1])
>>> my_list.print_sorted()
[1, 2, 3]

>>> my_list = MyList([])
>>> my_list.print_sorted()
[]

>>> my_list = MyList([4, 2, 5, 1, 3])
>>> my_list.print_sorted()
[1, 2, 3, 4, 5]

>>> my_list = MyList(['a', 'c', 'b'])
>>> my_list.print_sorted()
Traceback (most recent call last):
    ...
ValueError: invalid literal for int() with base 10: 'a'

>>> my_list = MyList([1, 2, 'a'])
>>> my_list.print_sorted()
Traceback (most recent call last):
    ...
ValueError: invalid literal for int() with base 10: 'a'

>>> my_list = MyList(None)  # None as input, should raise a TypeError
Traceback (most recent call last):
    ...
TypeError: 'NoneType' object is not iterable

>>> my_list = MyList([1, 2, 3])
>>> my_list.print_sorted()
[1, 2, 3]
